error: must have a default for Output type in #[union_fn] trait
 --> tests/ui/fail/output-type-missing-01.rs:5:5
  |
5 |     type Output;
  |     ^^^^^^^^^^^^
